---
source: src/testing/reference/mod.rs
expression: simple_result
---
[]
