---
source: src/testing/db.rs
expression: outputs
---
[]
